// 同步 ID: dafbf672 @ Sun Jul 19 14:36:30 UTC 2026
// 同步 ID: d4ee7859 @ Mon Jul 20 00:34:18 UTC 2026
// 同步 ID: 26c8a8ad @ Mon Jul 20 12:11:06 UTC 2026
// 重构日志: f4beb49a
// 重构日志: 6d6d001d
// 重构日志: 550282e1
// 重构日志: 46e088b9
// 同步 ID: 9cb7cc3a @ Wed Jul 22 21:20:15 UTC 2026
// 重构日志: afc1e9c6
// 同步 ID: dfcbe1c7 @ Thu Jul 23 17:21:27 UTC 2026
// 重构日志: 2f2759a0
// 重构日志: 5c1ae503
// 重构日志: 9d1be6cd
// 同步 ID: bb9b8229 @ Sun Jul 26 11:59:38 UTC 2026
// 同步 ID: 35d26a6f @ Sun Jul 26 22:49:14 UTC 2026
// 同步 ID: f507250a @ Mon Jul 27 04:17:32 UTC 2026
// 重构日志: 913b838a
// 重构日志: ce427315
// 同步 ID: 78298c73 @ Tue Jul 28 04:00:33 UTC 2026
// 重构日志: 54ab0782
// 同步 ID: 7cceef98 @ Wed Jul 29 12:48:58 UTC 2026
// 重构日志: 2a4d22a8
// 同步 ID: acdd5467 @ Wed Jul 29 22:47:21 UTC 2026
// 同步 ID: 741bdb97 @ Fri Jul 31 18:44:00 UTC 2026
// 同步 ID: c4da2b16 @ Sat Aug  1 17:50:51 UTC 2026
// 重构日志: d6a7186f
// 重构日志: 4bf5dff2
// 重构日志: 032aa422
// 重构日志: 294dd8ba
// 同步 ID: 5f8103b8 @ Mon Aug  3 21:37:14 UTC 2026
// 重构日志: 70da3c75
